[0.293s] DEBUG:colcon:Command line arguments: ['/usr/bin/colcon', 'build']
[0.293s] DEBUG:colcon:Parsed command line arguments: Namespace(log_base=None, log_level=None, verb_name='build', build_base='build', install_base='install', merge_install=False, symlink_install=False, test_result_base=None, continue_on_error=False, executor='parallel', parallel_workers=16, event_handlers=None, ignore_user_meta=False, metas=['./colcon.meta'], base_paths=['.'], packages_ignore=None, packages_ignore_regex=None, paths=None, packages_up_to=None, packages_up_to_regex=None, packages_above=None, packages_above_and_dependencies=None, packages_above_depth=None, packages_select_by_dep=None, packages_skip_by_dep=None, packages_skip_up_to=None, packages_select_build_failed=False, packages_skip_build_finished=False, packages_select_test_failures=False, packages_skip_test_passed=False, packages_select=None, packages_skip=None, packages_select_regex=None, packages_skip_regex=None, packages_start=None, packages_end=None, cmake_args=None, cmake_target=None, cmake_target_skip_unavailable=False, cmake_clean_cache=False, cmake_clean_first=False, cmake_force_configure=False, ament_cmake_args=None, catkin_cmake_args=None, catkin_skip_building_tests=False, mixin_files=None, mixin=None, verb_parser=<colcon_mixin.mixin.mixin_argument.MixinArgumentDecorator object at 0x739cb0628370>, verb_extension=<colcon_core.verb.build.BuildVerb object at 0x739cb07a14b0>, main=<bound method BuildVerb.main of <colcon_core.verb.build.BuildVerb object at 0x739cb07a14b0>>, mixin_verb=('build',))
[0.612s] Level 1:colcon.colcon_core.package_discovery:discover_packages(colcon_meta) check parameters
[0.614s] INFO:colcon.colcon_metadata.package_discovery.colcon_meta:Using configuration from '/root/.colcon/metadata/default/Gazebo.meta'
[0.615s] INFO:colcon.colcon_metadata.package_discovery.colcon_meta:Using configuration from '/root/.colcon/metadata/default/fastdds.meta'
[0.616s] INFO:colcon.colcon_metadata.package_discovery.colcon_meta:Using configuration from '/root/.colcon/metadata/default/fastrtps.meta'
[0.616s] Level 1:colcon.colcon_core.package_discovery:discover_packages(recursive) check parameters
[0.616s] Level 1:colcon.colcon_core.package_discovery:discover_packages(ignore) check parameters
[0.616s] Level 1:colcon.colcon_core.package_discovery:discover_packages(path) check parameters
[0.616s] Level 1:colcon.colcon_core.package_discovery:discover_packages(colcon_meta) discover
[0.617s] Level 1:colcon.colcon_core.package_discovery:discover_packages(recursive) discover
[0.617s] INFO:colcon.colcon_core.package_discovery:Crawling recursively for packages in '/workspace/qarm_ws'
[0.617s] Level 1:colcon.colcon_core.package_identification:_identify(.) by extensions ['ignore', 'ignore_ament_install']
[0.617s] Level 1:colcon.colcon_core.package_identification:_identify(.) by extension 'ignore'
[0.618s] Level 1:colcon.colcon_core.package_identification:_identify(.) by extension 'ignore_ament_install'
[0.618s] Level 1:colcon.colcon_core.package_identification:_identify(.) by extensions ['colcon_pkg']
[0.618s] Level 1:colcon.colcon_core.package_identification:_identify(.) by extension 'colcon_pkg'
[0.618s] Level 1:colcon.colcon_core.package_identification:_identify(.) by extensions ['colcon_meta']
[0.618s] Level 1:colcon.colcon_core.package_identification:_identify(.) by extension 'colcon_meta'
[0.618s] Level 1:colcon.colcon_core.package_identification:_identify(.) by extensions ['ros']
[0.619s] Level 1:colcon.colcon_core.package_identification:_identify(.) by extension 'ros'
[0.649s] Level 1:colcon.colcon_core.package_identification:_identify(.) by extensions ['cmake', 'python']
[0.649s] Level 1:colcon.colcon_core.package_identification:_identify(.) by extension 'cmake'
[0.650s] Level 1:colcon.colcon_core.package_identification:_identify(.) by extension 'python'
[0.650s] Level 1:colcon.colcon_core.package_identification:_identify(.) by extensions ['python_setup_py']
[0.650s] Level 1:colcon.colcon_core.package_identification:_identify(.) by extension 'python_setup_py'
[0.650s] Level 1:colcon.colcon_core.package_identification:_identify(build) by extensions ['ignore', 'ignore_ament_install']
[0.651s] Level 1:colcon.colcon_core.package_identification:_identify(build) by extension 'ignore'
[0.651s] Level 1:colcon.colcon_core.package_identification:_identify(build) ignored
[0.651s] Level 1:colcon.colcon_core.package_identification:_identify(install) by extensions ['ignore', 'ignore_ament_install']
[0.652s] Level 1:colcon.colcon_core.package_identification:_identify(install) by extension 'ignore'
[0.652s] Level 1:colcon.colcon_core.package_identification:_identify(install) ignored
[0.652s] Level 1:colcon.colcon_core.package_identification:_identify(log) by extensions ['ignore', 'ignore_ament_install']
[0.652s] Level 1:colcon.colcon_core.package_identification:_identify(log) by extension 'ignore'
[0.652s] Level 1:colcon.colcon_core.package_identification:_identify(log) ignored
[0.653s] Level 1:colcon.colcon_core.package_identification:_identify(src) by extensions ['ignore', 'ignore_ament_install']
[0.653s] Level 1:colcon.colcon_core.package_identification:_identify(src) by extension 'ignore'
[0.653s] Level 1:colcon.colcon_core.package_identification:_identify(src) by extension 'ignore_ament_install'
[0.653s] Level 1:colcon.colcon_core.package_identification:_identify(src) by extensions ['colcon_pkg']
[0.654s] Level 1:colcon.colcon_core.package_identification:_identify(src) by extension 'colcon_pkg'
[0.654s] Level 1:colcon.colcon_core.package_identification:_identify(src) by extensions ['colcon_meta']
[0.654s] Level 1:colcon.colcon_core.package_identification:_identify(src) by extension 'colcon_meta'
[0.654s] Level 1:colcon.colcon_core.package_identification:_identify(src) by extensions ['ros']
[0.654s] Level 1:colcon.colcon_core.package_identification:_identify(src) by extension 'ros'
[0.654s] Level 1:colcon.colcon_core.package_identification:_identify(src) by extensions ['cmake', 'python']
[0.655s] Level 1:colcon.colcon_core.package_identification:_identify(src) by extension 'cmake'
[0.655s] Level 1:colcon.colcon_core.package_identification:_identify(src) by extension 'python'
[0.655s] Level 1:colcon.colcon_core.package_identification:_identify(src) by extensions ['python_setup_py']
[0.655s] Level 1:colcon.colcon_core.package_identification:_identify(src) by extension 'python_setup_py'
[0.655s] Level 1:colcon.colcon_core.package_identification:_identify(src/qarm_description) by extensions ['ignore', 'ignore_ament_install']
[0.656s] Level 1:colcon.colcon_core.package_identification:_identify(src/qarm_description) by extension 'ignore'
[0.656s] Level 1:colcon.colcon_core.package_identification:_identify(src/qarm_description) by extension 'ignore_ament_install'
[0.656s] Level 1:colcon.colcon_core.package_identification:_identify(src/qarm_description) by extensions ['colcon_pkg']
[0.657s] Level 1:colcon.colcon_core.package_identification:_identify(src/qarm_description) by extension 'colcon_pkg'
[0.657s] Level 1:colcon.colcon_core.package_identification:_identify(src/qarm_description) by extensions ['colcon_meta']
[0.657s] Level 1:colcon.colcon_core.package_identification:_identify(src/qarm_description) by extension 'colcon_meta'
[0.657s] Level 1:colcon.colcon_core.package_identification:_identify(src/qarm_description) by extensions ['ros']
[0.657s] Level 1:colcon.colcon_core.package_identification:_identify(src/qarm_description) by extension 'ros'
[0.663s] DEBUG:colcon.colcon_core.package_identification:Package 'src/qarm_description' with type 'ros.ament_cmake' and name 'qarm_description'
[0.663s] Level 1:colcon.colcon_core.package_discovery:discover_packages(recursive) using defaults
[0.663s] Level 1:colcon.colcon_core.package_discovery:discover_packages(ignore) discover
[0.663s] Level 1:colcon.colcon_core.package_discovery:discover_packages(ignore) using defaults
[0.663s] Level 1:colcon.colcon_core.package_discovery:discover_packages(path) discover
[0.663s] Level 1:colcon.colcon_core.package_discovery:discover_packages(path) using defaults
[0.707s] Level 5:colcon.colcon_core.verb:set package 'qarm_description' build argument 'cmake_args' from command line to 'None'
[0.707s] Level 5:colcon.colcon_core.verb:set package 'qarm_description' build argument 'cmake_target' from command line to 'None'
[0.707s] Level 5:colcon.colcon_core.verb:set package 'qarm_description' build argument 'cmake_target_skip_unavailable' from command line to 'False'
[0.707s] Level 5:colcon.colcon_core.verb:set package 'qarm_description' build argument 'cmake_clean_cache' from command line to 'False'
[0.707s] Level 5:colcon.colcon_core.verb:set package 'qarm_description' build argument 'cmake_clean_first' from command line to 'False'
[0.707s] Level 5:colcon.colcon_core.verb:set package 'qarm_description' build argument 'cmake_force_configure' from command line to 'False'
[0.707s] Level 5:colcon.colcon_core.verb:set package 'qarm_description' build argument 'ament_cmake_args' from command line to 'None'
[0.707s] Level 5:colcon.colcon_core.verb:set package 'qarm_description' build argument 'catkin_cmake_args' from command line to 'None'
[0.707s] Level 5:colcon.colcon_core.verb:set package 'qarm_description' build argument 'catkin_skip_building_tests' from command line to 'False'
[0.708s] DEBUG:colcon.colcon_core.verb:Building package 'qarm_description' with the following arguments: {'ament_cmake_args': None, 'build_base': '/workspace/qarm_ws/build/qarm_description', 'catkin_cmake_args': None, 'catkin_skip_building_tests': False, 'cmake_args': None, 'cmake_clean_cache': False, 'cmake_clean_first': False, 'cmake_force_configure': False, 'cmake_target': None, 'cmake_target_skip_unavailable': False, 'install_base': '/workspace/qarm_ws/install/qarm_description', 'merge_install': False, 'path': '/workspace/qarm_ws/src/qarm_description', 'symlink_install': False, 'test_result_base': None}
[0.708s] INFO:colcon.colcon_core.executor:Executing jobs using 'parallel' executor
[0.712s] DEBUG:colcon.colcon_parallel_executor.executor.parallel:run_until_complete
[0.713s] INFO:colcon.colcon_ros.task.ament_cmake.build:Building ROS package in '/workspace/qarm_ws/src/qarm_description' with build type 'ament_cmake'
[0.714s] INFO:colcon.colcon_cmake.task.cmake.build:Building CMake package in '/workspace/qarm_ws/src/qarm_description'
[0.721s] INFO:colcon.colcon_core.plugin_system:Skipping extension 'colcon_core.shell.bat': Not used on non-Windows systems
[0.722s] INFO:colcon.colcon_core.shell:Skip shell extension 'powershell' for command environment: Not usable outside of PowerShell
[0.722s] DEBUG:colcon.colcon_core.shell:Skip shell extension 'dsv' for command environment
[0.764s] DEBUG:colcon.colcon_core.event_handler.log_command:Invoking command in '/workspace/qarm_ws/build/qarm_description': CMAKE_PREFIX_PATH=/opt/ros/humble /usr/bin/cmake /workspace/qarm_ws/src/qarm_description -DCMAKE_INSTALL_PREFIX=/workspace/qarm_ws/install/qarm_description
[4.813s] DEBUG:colcon.colcon_core.event_handler.log_command:Invoked command in '/workspace/qarm_ws/build/qarm_description' returned '0': CMAKE_PREFIX_PATH=/opt/ros/humble /usr/bin/cmake /workspace/qarm_ws/src/qarm_description -DCMAKE_INSTALL_PREFIX=/workspace/qarm_ws/install/qarm_description
[4.818s] DEBUG:colcon.colcon_core.event_handler.log_command:Invoking command in '/workspace/qarm_ws/build/qarm_description': CMAKE_PREFIX_PATH=/opt/ros/humble /usr/bin/cmake --build /workspace/qarm_ws/build/qarm_description -- -j16 -l16
[4.927s] DEBUG:colcon.colcon_core.event_handler.log_command:Invoked command in '/workspace/qarm_ws/build/qarm_description' returned '0': CMAKE_PREFIX_PATH=/opt/ros/humble /usr/bin/cmake --build /workspace/qarm_ws/build/qarm_description -- -j16 -l16
[4.953s] DEBUG:colcon.colcon_core.event_handler.log_command:Invoking command in '/workspace/qarm_ws/build/qarm_description': CMAKE_PREFIX_PATH=/opt/ros/humble /usr/bin/cmake --install /workspace/qarm_ws/build/qarm_description
[5.021s] Level 1:colcon.colcon_core.environment:create_environment_scripts_only(qarm_description)
[5.023s] DEBUG:colcon.colcon_core.event_handler.log_command:Invoked command in '/workspace/qarm_ws/build/qarm_description' returned '0': CMAKE_PREFIX_PATH=/opt/ros/humble /usr/bin/cmake --install /workspace/qarm_ws/build/qarm_description
[5.031s] Level 1:colcon.colcon_core.environment:checking '/workspace/qarm_ws/install/qarm_description' for CMake module files
[5.032s] Level 1:colcon.colcon_core.environment:checking '/workspace/qarm_ws/install/qarm_description' for CMake config files
[5.033s] Level 1:colcon.colcon_core.shell:create_environment_hook('qarm_description', 'cmake_prefix_path')
[5.034s] INFO:colcon.colcon_core.shell:Creating environment hook '/workspace/qarm_ws/install/qarm_description/share/qarm_description/hook/cmake_prefix_path.ps1'
[5.037s] INFO:colcon.colcon_core.shell:Creating environment descriptor '/workspace/qarm_ws/install/qarm_description/share/qarm_description/hook/cmake_prefix_path.dsv'
[5.038s] INFO:colcon.colcon_core.shell:Creating environment hook '/workspace/qarm_ws/install/qarm_description/share/qarm_description/hook/cmake_prefix_path.sh'
[5.040s] Level 1:colcon.colcon_core.environment:checking '/workspace/qarm_ws/install/qarm_description/bin'
[5.040s] Level 1:colcon.colcon_core.environment:checking '/workspace/qarm_ws/install/qarm_description/lib/pkgconfig/qarm_description.pc'
[5.045s] Level 1:colcon.colcon_core.environment:checking '/workspace/qarm_ws/install/qarm_description/lib/python3.10/site-packages'
[5.046s] Level 1:colcon.colcon_core.environment:checking '/workspace/qarm_ws/install/qarm_description/bin'
[5.047s] INFO:colcon.colcon_core.shell:Creating package script '/workspace/qarm_ws/install/qarm_description/share/qarm_description/package.ps1'
[5.050s] INFO:colcon.colcon_core.shell:Creating package descriptor '/workspace/qarm_ws/install/qarm_description/share/qarm_description/package.dsv'
[5.051s] INFO:colcon.colcon_core.shell:Creating package script '/workspace/qarm_ws/install/qarm_description/share/qarm_description/package.sh'
[5.053s] INFO:colcon.colcon_core.shell:Creating package script '/workspace/qarm_ws/install/qarm_description/share/qarm_description/package.bash'
[5.054s] INFO:colcon.colcon_core.shell:Creating package script '/workspace/qarm_ws/install/qarm_description/share/qarm_description/package.zsh'
[5.060s] Level 1:colcon.colcon_core.environment:create_file_with_runtime_dependencies(/workspace/qarm_ws/install/qarm_description/share/colcon-core/packages/qarm_description)
[5.065s] Level 1:colcon.colcon_core.environment:create_environment_scripts_only(qarm_description)
[5.065s] Level 1:colcon.colcon_core.environment:checking '/workspace/qarm_ws/install/qarm_description' for CMake module files
[5.066s] Level 1:colcon.colcon_core.environment:checking '/workspace/qarm_ws/install/qarm_description' for CMake config files
[5.067s] Level 1:colcon.colcon_core.shell:create_environment_hook('qarm_description', 'cmake_prefix_path')
[5.068s] INFO:colcon.colcon_core.shell:Creating environment hook '/workspace/qarm_ws/install/qarm_description/share/qarm_description/hook/cmake_prefix_path.ps1'
[5.069s] INFO:colcon.colcon_core.shell:Creating environment descriptor '/workspace/qarm_ws/install/qarm_description/share/qarm_description/hook/cmake_prefix_path.dsv'
[5.070s] INFO:colcon.colcon_core.shell:Creating environment hook '/workspace/qarm_ws/install/qarm_description/share/qarm_description/hook/cmake_prefix_path.sh'
[5.071s] Level 1:colcon.colcon_core.environment:checking '/workspace/qarm_ws/install/qarm_description/bin'
[5.072s] Level 1:colcon.colcon_core.environment:checking '/workspace/qarm_ws/install/qarm_description/lib/pkgconfig/qarm_description.pc'
[5.072s] Level 1:colcon.colcon_core.environment:checking '/workspace/qarm_ws/install/qarm_description/lib/python3.10/site-packages'
[5.073s] Level 1:colcon.colcon_core.environment:checking '/workspace/qarm_ws/install/qarm_description/bin'
[5.073s] INFO:colcon.colcon_core.shell:Creating package script '/workspace/qarm_ws/install/qarm_description/share/qarm_description/package.ps1'
[5.076s] INFO:colcon.colcon_core.shell:Creating package descriptor '/workspace/qarm_ws/install/qarm_description/share/qarm_description/package.dsv'
[5.078s] INFO:colcon.colcon_core.shell:Creating package script '/workspace/qarm_ws/install/qarm_description/share/qarm_description/package.sh'
[5.079s] INFO:colcon.colcon_core.shell:Creating package script '/workspace/qarm_ws/install/qarm_description/share/qarm_description/package.bash'
[5.081s] INFO:colcon.colcon_core.shell:Creating package script '/workspace/qarm_ws/install/qarm_description/share/qarm_description/package.zsh'
[5.082s] Level 1:colcon.colcon_core.environment:create_file_with_runtime_dependencies(/workspace/qarm_ws/install/qarm_description/share/colcon-core/packages/qarm_description)
[5.083s] DEBUG:colcon.colcon_parallel_executor.executor.parallel:closing loop
[5.085s] DEBUG:colcon.colcon_parallel_executor.executor.parallel:loop closed
[5.085s] DEBUG:colcon.colcon_parallel_executor.executor.parallel:run_until_complete finished with '0'
[5.086s] DEBUG:colcon.colcon_core.event_reactor:joining thread
[5.137s] INFO:colcon.colcon_core.plugin_system:Skipping extension 'colcon_notification.desktop_notification.notify_send': Could not find 'notify-send'
[5.137s] INFO:colcon.colcon_core.plugin_system:Skipping extension 'colcon_notification.desktop_notification.terminal_notifier': Not used on non-Darwin systems
[5.137s] INFO:colcon.colcon_core.plugin_system:Skipping extension 'colcon_notification.desktop_notification.win32': Not used on non-Windows systems
[5.137s] INFO:colcon.colcon_notification.desktop_notification:Sending desktop notification using 'notify2'
[5.147s] DEBUG:colcon.colcon_notification.desktop_notification.notify2:Failed to initialize notify2: org.freedesktop.DBus.Error.Spawn.ExecFailed: /usr/bin/dbus-launch terminated abnormally without any error message
[5.148s] DEBUG:colcon.colcon_core.event_reactor:joined thread
[5.150s] INFO:colcon.colcon_core.shell:Creating prefix script '/workspace/qarm_ws/install/local_setup.ps1'
[5.154s] INFO:colcon.colcon_core.shell:Creating prefix util module '/workspace/qarm_ws/install/_local_setup_util_ps1.py'
[5.157s] INFO:colcon.colcon_core.shell:Creating prefix chain script '/workspace/qarm_ws/install/setup.ps1'
[5.161s] INFO:colcon.colcon_core.shell:Creating prefix script '/workspace/qarm_ws/install/local_setup.sh'
[5.163s] INFO:colcon.colcon_core.shell:Creating prefix util module '/workspace/qarm_ws/install/_local_setup_util_sh.py'
[5.165s] INFO:colcon.colcon_core.shell:Creating prefix chain script '/workspace/qarm_ws/install/setup.sh'
[5.167s] INFO:colcon.colcon_core.shell:Creating prefix script '/workspace/qarm_ws/install/local_setup.bash'
[5.168s] INFO:colcon.colcon_core.shell:Creating prefix chain script '/workspace/qarm_ws/install/setup.bash'
[5.170s] INFO:colcon.colcon_core.shell:Creating prefix script '/workspace/qarm_ws/install/local_setup.zsh'
[5.172s] INFO:colcon.colcon_core.shell:Creating prefix chain script '/workspace/qarm_ws/install/setup.zsh'
